Ошибка в строке #4 - Строка заканчивается на оператор без операнда.: a =  ( x + 4 )  +  5 ;
Ошибка в строке #5 - Строка заканчивается на оператор без операнда.: b  =  a  +  x ;
Ошибка в строке #6 - Строка заканчивается на оператор без операнда.: c =  a  +  b ;
Ошибка в строке #8 - Строка заканчивается на оператор без операнда.: x  =  a  +  b;
Ошибка в строке #9 - Нераспознанные индентификатор, проверьте его корректность.: return 0 ;}
Ошибка в строке #4 - Строка заканчивается на оператор без операнда.: a =  ( x + 4 )  +  5 ;
Ошибка в строке #5 - Строка заканчивается на оператор без операнда.: b  =  a  +  x ;
Ошибка в строке #6 - Строка заканчивается на оператор без операнда.: c =  a  +  b ;
Ошибка в строке #8 - Строка заканчивается на оператор без операнда.: x  =  a  +  b;
Ошибка в строке #9 - Нераспознанные индентификатор, проверьте его корректность.: return 0 ;}
Ошибка в строке #4 - Строка заканчивается на оператор без операнда.: a =  ( x + 4 )  +  5 ;
Ошибка в строке #5 - Строка заканчивается на оператор без операнда.: b  =  a  +  x ;
Ошибка в строке #6 - Строка заканчивается на оператор без операнда.: c =  a  +  b ;
Ошибка в строке #8 - Строка заканчивается на оператор без операнда.: x  =  a  +  b;
Ошибка в строке #9 - Нераспознанные индентификатор, проверьте его корректность.: return 0 ;}
Ошибка в строке #4 - Строка заканчивается на оператор без операнда.: a =  ( x + 4 )  +  5 ;
Ошибка в строке #5 - Строка заканчивается на оператор без операнда.: b  =  a  +  x ;
Ошибка в строке #6 - Строка заканчивается на оператор без операнда.: c =  a  +  b ;
Ошибка в строке #8 - Строка заканчивается на оператор без операнда.: x  =  a  +  b;
Ошибка в строке #9 - Нераспознанные индентификатор, проверьте его корректность.: return 0 ;}
Ошибка в строке #4 - Строка заканчивается на оператор без операнда.: a =  ( x + 4 )  +  5 ;
Ошибка в строке #5 - Строка заканчивается на оператор без операнда.: b  =  a  +  x ;
Ошибка в строке #6 - Строка заканчивается на оператор без операнда.: c =  a  +  b ;
Ошибка в строке #8 - Строка заканчивается на оператор без операнда.: x  =  a  +  b;
Ошибка в строке #9 - Нераспознанные индентификатор, проверьте его корректность.: return 0 ;}
Ошибка в строке #4 - Строка заканчивается на оператор без операнда.: a =  ( x + 4 )  +  5 ;
Ошибка в строке #5 - Строка заканчивается на оператор без операнда.: b  =  a  +  x ;
Ошибка в строке #6 - Строка заканчивается на оператор без операнда.: c =  a  +  b ;
Ошибка в строке #8 - Строка заканчивается на оператор без операнда.: x  =  a  +  b;
Ошибка в строке #9 - Нераспознанные индентификатор, проверьте его корректность.: return 0 ;}
Ошибка в строке #4 - Строка заканчивается на оператор без операнда.: a =  ( x + 4 )  +  5 ;
Ошибка в строке #5 - Строка заканчивается на оператор без операнда.: b  =  a  +  x ;
Ошибка в строке #6 - Строка заканчивается на оператор без операнда.: c =  a  +  b ;
Ошибка в строке #8 - Строка заканчивается на оператор без операнда.: x  =  a  +  b;
Ошибка в строке #9 - Нераспознанные индентификатор, проверьте его корректность.: return 0 ;}
Ошибка в строке #9 - Нераспознанные индентификатор, проверьте его корректность.: return 0 ;}
Ошибка в строке #9 - Нераспознанные индентификатор, проверьте его корректность.: return 0 ;}
Ошибка в строке #9 - Нераспознанные индентификатор, проверьте его корректность.: return 0 ;}
Ошибка в строке #9 - Нераспознанные индентификатор, проверьте его корректность.: return 0 ;}
Ошибка в строке #9 - Нераспознанные индентификатор, проверьте его корректность.: return 0 ;}
Ошибка в строке #9 - Нераспознанные индентификатор, проверьте его корректность.: return 0 ;}
Ошибка в строке #9 - Нераспознанные индентификатор, проверьте его корректность.: return 0 ;}
Ошибка в строке #9 - Нераспознанные индентификатор, проверьте его корректность.: return 0 ;}
Ошибка в строке #9 - Нераспознанные индентификатор, проверьте его корректность.: return 0 ;}
Ошибка в строке #9 - Нераспознанные индентификатор, проверьте его корректность.: return 0 ;}
Ошибка в строке #9 - Нераспознанные индентификатор, проверьте его корректность.: return 0 ;}
Ошибка в строке #9 - Нераспознанные индентификатор, проверьте его корректность.: return 0 ;}
Ошибка в строке #9 - Нераспознанные индентификатор, проверьте его корректность.: return 0 ;}
